// Jest Snapshot v1, https://goo.gl/fbAQLP

exports[`Branding.vue renders as designed 1`] = `
<div
  class="brand slide-in-top"
>
  <h1
    class="masthead"
  >
    
    pbid.io
  
  </h1>
</div>
`;
