// Jest Snapshot v1, https://goo.gl/fbAQLP

exports[`ImageBackground.vue is rendered as designed 1`] = `
<div
  class="background"
/>
`;
